I'm sorry, but errors were detected in your script. Please correct the
errors listed below, and try again.


File "game/puzzle_1.rpy", line 129: 'puzzle_completed' is not a keyword argument or valid child for the screen statement.
    puzzle_completed == True
                    ^

Ren'Py Version: Ren'Py 8.0.3.22090809
Sun Jun 11 19:34:39 2023
